// Jest Snapshot v1, https://goo.gl/fbAQLP

exports[`Interim component renders 1`] = `
ShallowWrapper {
  Symbol(enzyme.__root__): [Circular],
  Symbol(enzyme.__unrendered__): <Interim
    interim=""
  />,
  Symbol(enzyme.__renderer__): Object {
    "batchedUpdates": [Function],
    "checkPropTypes": [Function],
    "getNode": [Function],
    "render": [Function],
    "simulateError": [Function],
    "simulateEvent": [Function],
    "unmount": [Function],
  },
  Symbol(enzyme.__node__): Object {
    "instance": null,
    "key": undefined,
    "nodeType": "host",
    "props": Object {
      "children": <WithStyles(Paper)
        elevation={2}
        style={
          Object {
            "color": "gray",
            "height": "5vh",
            "overflow": "auto",
            "textAlign": "center",
          }
        }
      >
        <WithStyles(Typography)
          color="inherit"
        >
          
        </WithStyles(Typography)>
      </WithStyles(Paper)>,
    },
    "ref": null,
    "rendered": Object {
      "instance": null,
      "key": undefined,
      "nodeType": "class",
      "props": Object {
        "children": <WithStyles(Typography)
          color="inherit"
        >
          
        </WithStyles(Typography)>,
        "elevation": 2,
        "style": Object {
          "color": "gray",
          "height": "5vh",
          "overflow": "auto",
          "textAlign": "center",
        },
      },
      "ref": null,
      "rendered": Object {
        "instance": null,
        "key": undefined,
        "nodeType": "class",
        "props": Object {
          "children": "",
          "color": "inherit",
        },
        "ref": null,
        "rendered": "",
        "type": [Function],
      },
      "type": [Function],
    },
    "type": "div",
  },
  Symbol(enzyme.__nodes__): Array [
    Object {
      "instance": null,
      "key": undefined,
      "nodeType": "host",
      "props": Object {
        "children": <WithStyles(Paper)
          elevation={2}
          style={
            Object {
              "color": "gray",
              "height": "5vh",
              "overflow": "auto",
              "textAlign": "center",
            }
          }
        >
          <WithStyles(Typography)
            color="inherit"
          >
            
          </WithStyles(Typography)>
        </WithStyles(Paper)>,
      },
      "ref": null,
      "rendered": Object {
        "instance": null,
        "key": undefined,
        "nodeType": "class",
        "props": Object {
          "children": <WithStyles(Typography)
            color="inherit"
          >
            
          </WithStyles(Typography)>,
          "elevation": 2,
          "style": Object {
            "color": "gray",
            "height": "5vh",
            "overflow": "auto",
            "textAlign": "center",
          },
        },
        "ref": null,
        "rendered": Object {
          "instance": null,
          "key": undefined,
          "nodeType": "class",
          "props": Object {
            "children": "",
            "color": "inherit",
          },
          "ref": null,
          "rendered": "",
          "type": [Function],
        },
        "type": [Function],
      },
      "type": "div",
    },
  ],
  Symbol(enzyme.__options__): Object {
    "adapter": ReactSixteenAdapter {
      "options": Object {
        "enableComponentDidUpdateOnSetState": true,
        "legacyContextMode": "parent",
        "lifecycles": Object {
          "componentDidUpdate": Object {
            "onSetState": true,
          },
          "getChildContext": Object {
            "calledByRenderer": false,
          },
          "getDerivedStateFromError": true,
          "getDerivedStateFromProps": Object {
            "hasShouldComponentUpdateBug": false,
          },
          "getSnapshotBeforeUpdate": true,
          "setState": Object {
            "skipsComponentDidUpdateOnNullish": true,
          },
        },
      },
    },
  },
}
`;
