// Jest Snapshot v1, https://goo.gl/fbAQLP

exports[`Transcript component renders 1`] = `
initialize {
  "0": Object {
    "attribs": Object {},
    "children": Array [
      Object {
        "attribs": Object {
          "class": "MuiPaper-root-1 MuiPaper-elevation1-4 MuiPaper-rounded-2",
          "style": "max-height:30vh;height:30vh;overflow:auto",
        },
        "children": Array [
          Object {
            "attribs": Object {},
            "children": Array [
              Object {
                "attribs": Object {},
                "children": Array [
                  Object {
                    "attribs": Object {},
                    "children": Array [],
                    "name": "span",
                    "namespace": "http://www.w3.org/1999/xhtml",
                    "next": Object {
                      "attribs": Object {},
                      "children": Array [],
                      "name": "div",
                      "namespace": "http://www.w3.org/1999/xhtml",
                      "next": null,
                      "parent": [Circular],
                      "prev": [Circular],
                      "type": "tag",
                      "x-attribsNamespace": Object {},
                      "x-attribsPrefix": Object {},
                    },
                    "parent": [Circular],
                    "prev": null,
                    "type": "tag",
                    "x-attribsNamespace": Object {},
                    "x-attribsPrefix": Object {},
                  },
                  Object {
                    "attribs": Object {},
                    "children": Array [],
                    "name": "div",
                    "namespace": "http://www.w3.org/1999/xhtml",
                    "next": null,
                    "parent": [Circular],
                    "prev": Object {
                      "attribs": Object {},
                      "children": Array [],
                      "name": "span",
                      "namespace": "http://www.w3.org/1999/xhtml",
                      "next": [Circular],
                      "parent": [Circular],
                      "prev": null,
                      "type": "tag",
                      "x-attribsNamespace": Object {},
                      "x-attribsPrefix": Object {},
                    },
                    "type": "tag",
                    "x-attribsNamespace": Object {},
                    "x-attribsPrefix": Object {},
                  },
                ],
                "name": "div",
                "namespace": "http://www.w3.org/1999/xhtml",
                "next": null,
                "parent": [Circular],
                "prev": null,
                "type": "tag",
                "x-attribsNamespace": Object {},
                "x-attribsPrefix": Object {},
              },
            ],
            "name": "span",
            "namespace": "http://www.w3.org/1999/xhtml",
            "next": null,
            "parent": [Circular],
            "prev": null,
            "type": "tag",
            "x-attribsNamespace": Object {},
            "x-attribsPrefix": Object {},
          },
        ],
        "name": "div",
        "namespace": "http://www.w3.org/1999/xhtml",
        "next": Object {
          "attribs": Object {
            "style": "margin-top:7px",
          },
          "children": Array [
            Object {
              "attribs": Object {
                "controls": "",
                "style": "width:100%",
                "type": "audio/ogg",
              },
              "children": Array [],
              "name": "audio",
              "namespace": "http://www.w3.org/1999/xhtml",
              "next": null,
              "parent": [Circular],
              "prev": null,
              "type": "tag",
              "x-attribsNamespace": Object {
                "controls": undefined,
                "style": undefined,
                "type": undefined,
              },
              "x-attribsPrefix": Object {
                "controls": undefined,
                "style": undefined,
                "type": undefined,
              },
            },
          ],
          "name": "div",
          "namespace": "http://www.w3.org/1999/xhtml",
          "next": null,
          "parent": [Circular],
          "prev": [Circular],
          "type": "tag",
          "x-attribsNamespace": Object {
            "style": undefined,
          },
          "x-attribsPrefix": Object {
            "style": undefined,
          },
        },
        "parent": [Circular],
        "prev": null,
        "type": "tag",
        "x-attribsNamespace": Object {
          "class": undefined,
          "style": undefined,
        },
        "x-attribsPrefix": Object {
          "class": undefined,
          "style": undefined,
        },
      },
      Object {
        "attribs": Object {
          "style": "margin-top:7px",
        },
        "children": Array [
          Object {
            "attribs": Object {
              "controls": "",
              "style": "width:100%",
              "type": "audio/ogg",
            },
            "children": Array [],
            "name": "audio",
            "namespace": "http://www.w3.org/1999/xhtml",
            "next": null,
            "parent": [Circular],
            "prev": null,
            "type": "tag",
            "x-attribsNamespace": Object {
              "controls": undefined,
              "style": undefined,
              "type": undefined,
            },
            "x-attribsPrefix": Object {
              "controls": undefined,
              "style": undefined,
              "type": undefined,
            },
          },
        ],
        "name": "div",
        "namespace": "http://www.w3.org/1999/xhtml",
        "next": null,
        "parent": [Circular],
        "prev": Object {
          "attribs": Object {
            "class": "MuiPaper-root-1 MuiPaper-elevation1-4 MuiPaper-rounded-2",
            "style": "max-height:30vh;height:30vh;overflow:auto",
          },
          "children": Array [
            Object {
              "attribs": Object {},
              "children": Array [
                Object {
                  "attribs": Object {},
                  "children": Array [
                    Object {
                      "attribs": Object {},
                      "children": Array [],
                      "name": "span",
                      "namespace": "http://www.w3.org/1999/xhtml",
                      "next": Object {
                        "attribs": Object {},
                        "children": Array [],
                        "name": "div",
                        "namespace": "http://www.w3.org/1999/xhtml",
                        "next": null,
                        "parent": [Circular],
                        "prev": [Circular],
                        "type": "tag",
                        "x-attribsNamespace": Object {},
                        "x-attribsPrefix": Object {},
                      },
                      "parent": [Circular],
                      "prev": null,
                      "type": "tag",
                      "x-attribsNamespace": Object {},
                      "x-attribsPrefix": Object {},
                    },
                    Object {
                      "attribs": Object {},
                      "children": Array [],
                      "name": "div",
                      "namespace": "http://www.w3.org/1999/xhtml",
                      "next": null,
                      "parent": [Circular],
                      "prev": Object {
                        "attribs": Object {},
                        "children": Array [],
                        "name": "span",
                        "namespace": "http://www.w3.org/1999/xhtml",
                        "next": [Circular],
                        "parent": [Circular],
                        "prev": null,
                        "type": "tag",
                        "x-attribsNamespace": Object {},
                        "x-attribsPrefix": Object {},
                      },
                      "type": "tag",
                      "x-attribsNamespace": Object {},
                      "x-attribsPrefix": Object {},
                    },
                  ],
                  "name": "div",
                  "namespace": "http://www.w3.org/1999/xhtml",
                  "next": null,
                  "parent": [Circular],
                  "prev": null,
                  "type": "tag",
                  "x-attribsNamespace": Object {},
                  "x-attribsPrefix": Object {},
                },
              ],
              "name": "span",
              "namespace": "http://www.w3.org/1999/xhtml",
              "next": null,
              "parent": [Circular],
              "prev": null,
              "type": "tag",
              "x-attribsNamespace": Object {},
              "x-attribsPrefix": Object {},
            },
          ],
          "name": "div",
          "namespace": "http://www.w3.org/1999/xhtml",
          "next": [Circular],
          "parent": [Circular],
          "prev": null,
          "type": "tag",
          "x-attribsNamespace": Object {
            "class": undefined,
            "style": undefined,
          },
          "x-attribsPrefix": Object {
            "class": undefined,
            "style": undefined,
          },
        },
        "type": "tag",
        "x-attribsNamespace": Object {
          "style": undefined,
        },
        "x-attribsPrefix": Object {
          "style": undefined,
        },
      },
    ],
    "name": "div",
    "namespace": "http://www.w3.org/1999/xhtml",
    "next": null,
    "parent": null,
    "prev": null,
    "root": Object {
      "attribs": Object {},
      "children": Array [
        [Circular],
      ],
      "name": "root",
      "namespace": "http://www.w3.org/1999/xhtml",
      "next": null,
      "parent": null,
      "prev": null,
      "type": "root",
      "x-attribsNamespace": Object {},
      "x-attribsPrefix": Object {},
    },
    "type": "tag",
    "x-attribsNamespace": Object {},
    "x-attribsPrefix": Object {},
  },
  "_root": [Circular],
  "length": 1,
  "options": Object {
    "decodeEntities": true,
    "normalizeWhitespace": false,
    "withDomLvl1": true,
    "xml": false,
  },
}
`;
